The target system is: Generic - 3.7.99 - arm
The host system is: Linux - 6.13.2-arch1-1 - x86_64
Compiling the C compiler identification source file "CMakeCCompilerId.c" succeeded.
Compiler: /home/flits/Workspace/zephyr-sdk-0.16.8/arm-zephyr-eabi/bin/arm-zephyr-eabi-gcc 
Build flags: 
Id flags: -c 

The output was:
0


Compilation of the C compiler identification source "CMakeCCompilerId.c" produced "CMakeCCompilerId.o"

The C compiler identification is GNU, found in "/home/flits/Documents/school/semesterproject/startweekavans25/Project/cmake-build-debug-zephyr/CMakeFiles/3.21.1/CompilerIdC/CMakeCCompilerId.o"

Compiling the CXX compiler identification source file "CMakeCXXCompilerId.cpp" succeeded.
Compiler: /home/flits/Workspace/zephyr-sdk-0.16.8/arm-zephyr-eabi/bin/arm-zephyr-eabi-g++ 
Build flags: 
Id flags: -c 

The output was:
0


Compilation of the CXX compiler identification source "CMakeCXXCompilerId.cpp" produced "CMakeCXXCompilerId.o"

The CXX compiler identification is GNU, found in "/home/flits/Documents/school/semesterproject/startweekavans25/Project/cmake-build-debug-zephyr/CMakeFiles/3.21.1/CompilerIdCXX/CMakeCXXCompilerId.o"

Checking whether the ASM compiler is GNU using "--version" matched "(GNU assembler)|(GCC)|(Free Software Foundation)":
arm-zephyr-eabi-gcc (Zephyr SDK 0.16.8) 12.2.0
Copyright (C) 2022 Free Software Foundation, Inc.
This is free software; see the source for copying conditions.  There is NO
warranty; not even for MERCHANTABILITY or FITNESS FOR A PARTICULAR PURPOSE.

Performing C SOURCE FILE Test check_C__nostartfiles__nostdlib__isystem___home_flits_Workspace_zephyr_sdk_0_16_8_arm_zephyr_eabi_bin____lib_gcc_arm_zephyr_eabi_12_2_0_include___isystem___home_flits_Workspace_zephyr_sdk_0_16_8_arm_zephyr_eabi_bin____lib_gcc_arm_zephyr_eabi_12_2_0_include_fixed___Wl___unresolved_symbols_ignore_in_object_files__Wl___entry_0__mcpu_cortex_m7__mthumb__mabi_aapcs__mfp16_format_ieee__mtp_soft succeeded with the following output:
Change Dir: /home/flits/Documents/school/semesterproject/startweekavans25/Project/cmake-build-debug-zephyr/CMakeFiles/CMakeTmp

Run Build Command(s):/home/flits/.local/share/JetBrains/Toolbox/apps/clion/bin/ninja/linux/x64/ninja cmTC_4bea3 && [1/2] Building C object CMakeFiles/cmTC_4bea3.dir/src.c.obj
[2/2] Linking C executable cmTC_4bea3


Source file was:
int main(void) { return 0; }
Performing C SOURCE FILE Test check_fmacro_prefix_map__home_flits_Documents_school_semesterproject_startweekavans25_Project_CMAKE_SOURCE_DIR_C__nostartfiles__nostdlib__isystem___home_flits_Workspace_zephyr_sdk_0_16_8_arm_zephyr_eabi_bin____lib_gcc_arm_zephyr_eabi_12_2_0_include___isystem___home_flits_Workspace_zephyr_sdk_0_16_8_arm_zephyr_eabi_bin____lib_gcc_arm_zephyr_eabi_12_2_0_include_fixed___Wl___unresolved_symbols_ignore_in_object_files__Wl___entry_0 succeeded with the following output:
Change Dir: /home/flits/Documents/school/semesterproject/startweekavans25/Project/cmake-build-debug-zephyr/CMakeFiles/CMakeTmp

Run Build Command(s):/home/flits/.local/share/JetBrains/Toolbox/apps/clion/bin/ninja/linux/x64/ninja cmTC_f80bb && [1/2] Building C object CMakeFiles/cmTC_f80bb.dir/src.c.obj
[2/2] Linking C executable cmTC_f80bb


Source file was:
int main(void) { return 0; }
